分类: 📺央视频道, 名称: CCTV-1, 有效: 5, IPv4: 99, IPv6: 0, 最小延迟: 468 ms, 最高速率: 1.30 M/s, 平均速率: 0.85 M/s, 最高分辨率: 1920x1080, 平均帧率: 未知, 视频编解码器: 未知, 音频编解码器: 未知
分类: 📺央视频道, 名称: CCTV-2, 有效: 5, IPv4: 94, IPv6: 0, 最小延迟: 531 ms, 最高速率: 2.39 M/s, 平均速率: 1.05 M/s, 最高分辨率: 1920x1080, 平均帧率: 41.67, 视频编解码器: h264, 音频编解码器: mp2
分类: 📺央视频道, 名称: CCTV-3, 有效: 4, IPv4: 95, IPv6: 0, 最小延迟: 1061 ms, 最高速率: 1.65 M/s, 平均速率: 1.18 M/s, 最高分辨率: 1920x1080, 平均帧率: 34.15, 视频编解码器: h264, 音频编解码器: mp2
分类: 📺央视频道, 名称: CCTV-4, 有效: 5, IPv4: 94, IPv6: 0, 最小延迟: 1057 ms, 最高速率: 2.13 M/s, 平均速率: 0.78 M/s, 最高分辨率: 1920x1080, 平均帧率: 50.00, 视频编解码器: h264, 音频编解码器: mp2
分类: 📺央视频道, 名称: CCTV-5, 有效: 5, IPv4: 99, IPv6: 0, 最小延迟: 458 ms, 最高速率: 1.96 M/s, 平均速率: 0.92 M/s, 最高分辨率: 1920x1080, 平均帧率: 50.00, 视频编解码器: h264, 音频编解码器: mp2
分类: 📺央视频道, 名称: CCTV-5+, 有效: 5, IPv4: 62, IPv6: 0, 最小延迟: 428 ms, 最高速率: 5.10 M/s, 平均速率: 1.74 M/s, 最高分辨率: 1920x1080, 平均帧率: 50.00, 视频编解码器: h264, 音频编解码器: ac3
分类: 📺央视频道, 名称: CCTV-6, 有效: 5, IPv4: 97, IPv6: 0, 最小延迟: 1005 ms, 最高速率: 2.16 M/s, 平均速率: 1.85 M/s, 最高分辨率: 1920x1080, 平均帧率: 25.00, 视频编解码器: h264, 音频编解码器: mp2
分类: 📺央视频道, 名称: CCTV-7, 有效: 5, IPv4: 91, IPv6: 0, 最小延迟: 1036 ms, 最高速率: 1.65 M/s, 平均速率: 1.06 M/s, 最高分辨率: 1920x1080, 平均帧率: 25.00, 视频编解码器: h264, 音频编解码器: aac
分类: 📺央视频道, 名称: CCTV-8, 有效: 5, IPv4: 96, IPv6: 0, 最小延迟: 988 ms, 最高速率: 1.28 M/s, 平均速率: 1.13 M/s, 最高分辨率: 1920x1080, 平均帧率: 31.25, 视频编解码器: h264, 音频编解码器: mp2
分类: 📺央视频道, 名称: CCTV-9, 有效: 5, IPv4: 98, IPv6: 0, 最小延迟: 1179 ms, 最高速率: 2.74 M/s, 平均速率: 1.24 M/s, 最高分辨率: 1920x1080, 平均帧率: 25.00, 视频编解码器: h264, 音频编解码器: aac
分类: 📺央视频道, 名称: CCTV-10, 有效: 5, IPv4: 91, IPv6: 0, 最小延迟: 1021 ms, 最高速率: 0.98 M/s, 平均速率: 0.74 M/s, 最高分辨率: 1920x1080, 平均帧率: 46.74, 视频编解码器: h264, 音频编解码器: mp2
分类: 📺央视频道, 名称: CCTV-11, 有效: 5, IPv4: 85, IPv6: 0, 最小延迟: 1077 ms, 最高速率: 1.15 M/s, 平均速率: 0.56 M/s, 最高分辨率: 1920x1080, 平均帧率: 50.00, 视频编解码器: h264, 音频编解码器: mp2
分类: 📺央视频道, 名称: CCTV-12, 有效: 5, IPv4: 90, IPv6: 0, 最小延迟: 1166 ms, 最高速率: 0.89 M/s, 平均速率: 0.47 M/s, 最高分辨率: 1920x1080, 平均帧率: 45.83, 视频编解码器: h264, 音频编解码器: mp2
分类: 📺央视频道, 名称: CCTV-13, 有效: 4, IPv4: 92, IPv6: 0, 最小延迟: 1015 ms, 最高速率: 1.05 M/s, 平均速率: 0.75 M/s, 最高分辨率: 1920x1080, 平均帧率: 45.24, 视频编解码器: h264, 音频编解码器: mp2
分类: 📺央视频道, 名称: CCTV-14, 有效: 5, IPv4: 89, IPv6: 0, 最小延迟: 1137 ms, 最高速率: 0.76 M/s, 平均速率: 0.66 M/s, 最高分辨率: 1920x1080, 平均帧率: 50.00, 视频编解码器: h264, 音频编解码器: mp2
分类: 📺央视频道, 名称: CCTV-15, 有效: 5, IPv4: 87, IPv6: 0, 最小延迟: 1183 ms, 最高速率: 2.35 M/s, 平均速率: 1.53 M/s, 最高分辨率: 1920x1080, 平均帧率: 46.43, 视频编解码器: h264, 音频编解码器: mp2
分类: 📺央视频道, 名称: CCTV-16, 有效: 5, IPv4: 23, IPv6: 0, 最小延迟: 580 ms, 最高速率: 3.85 M/s, 平均速率: 1.96 M/s, 最高分辨率: 1920x1080, 平均帧率: 37.50, 视频编解码器: h264, 音频编解码器: mp2
分类: 📺央视频道, 名称: CCTV-17, 有效: 4, IPv4: 39, IPv6: 0, 最小延迟: 1152 ms, 最高速率: 1.05 M/s, 平均速率: 0.78 M/s, 最高分辨率: 1920x1080, 平均帧率: 43.18, 视频编解码器: h264, 音频编解码器: mp2
分类: 📺央视频道, 名称: CETV-3, 有效: 0, IPv4: 1, IPv6: 0, 最小延迟: 704 ms, 最高速率: 3.85 M/s, 平均速率: 0.00 M/s, 最高分辨率: 720x576, 平均帧率: 25.00, 视频编解码器: h264, 音频编解码器: aac
分类: 📺央视频道, 名称: CETV-1, 有效: 0, IPv4: 21, IPv6: 0, 最小延迟: 1814 ms, 最高速率: 0.47 M/s, 平均速率: 0.00 M/s, 最高分辨率: 1920x1080, 平均帧率: 43.75, 视频编解码器: h264, 音频编解码器: mp2
分类: 📺央视频道, 名称: CETV-4, 有效: 0, IPv4: 9, IPv6: 0, 最小延迟: 10095 ms, 最高速率: 0.25 M/s, 平均速率: 0.00 M/s, 最高分辨率: 1920x1080, 平均帧率: 25.00, 视频编解码器: h264, 音频编解码器: aac
分类: 📺央视频道, 名称: CETV-2, 有效: 0, IPv4: 8, IPv6: 0, 最小延迟: 10255 ms, 最高速率: 0.24 M/s, 平均速率: 0.00 M/s, 最高分辨率: 1920x1080, 平均帧率: 25.00, 视频编解码器: h264, 音频编解码器: aac
分类: 📡卫视频道, 名称: 广东卫视, 有效: 5, IPv4: 86, IPv6: 0, 最小延迟: 1049 ms, 最高速率: 4.61 M/s, 平均速率: 1.48 M/s, 最高分辨率: 1920x1080, 平均帧率: 31.82, 视频编解码器: h264, 音频编解码器: mp2
分类: 📡卫视频道, 名称: 浙江卫视, 有效: 5, IPv4: 84, IPv6: 0, 最小延迟: 726 ms, 最高速率: 6.25 M/s, 平均速率: 1.77 M/s, 最高分辨率: 1920x1080, 平均帧率: 37.50, 视频编解码器: h264, 音频编解码器: mp2
分类: 📡卫视频道, 名称: 湖南卫视, 有效: 5, IPv4: 91, IPv6: 0, 最小延迟: 740 ms, 最高速率: 6.14 M/s, 平均速率: 3.61 M/s, 最高分辨率: 3840x2160, 平均帧率: 未知, 视频编解码器: 未知, 音频编解码器: 未知
分类: 📡卫视频道, 名称: 北京卫视, 有效: 3, IPv4: 93, IPv6: 0, 最小延迟: 1051 ms, 最高速率: 0.82 M/s, 平均速率: 0.64 M/s, 最高分辨率: 1920x1080, 平均帧率: 46.00, 视频编解码器: h264, 音频编解码器: mp2
分类: 📡卫视频道, 名称: 东方卫视, 有效: 2, IPv4: 71, IPv6: 0, 最小延迟: 694 ms, 最高速率: 6.42 M/s, 平均速率: 3.48 M/s, 最高分辨率: 1920x1080, 平均帧率: 41.67, 视频编解码器: h264, 音频编解码器: mp2
分类: 📡卫视频道, 名称: 安徽卫视, 有效: 3, IPv4: 79, IPv6: 0, 最小延迟: 1162 ms, 最高速率: 0.74 M/s, 平均速率: 0.62 M/s, 最高分辨率: 1920x1080, 平均帧率: 43.55, 视频编解码器: h264, 音频编解码器: mp2
分类: 📡卫视频道, 名称: 重庆卫视, 有效: 0, IPv4: 68, IPv6: 0, 最小延迟: 1298 ms, 最高速率: 0.62 M/s, 平均速率: 0.00 M/s, 最高分辨率: 1920x1080, 平均帧率: 38.04, 视频编解码器: h264, 音频编解码器: mp2
分类: 📡卫视频道, 名称: 湖北卫视, 有效: 4, IPv4: 79, IPv6: 0, 最小延迟: 1197 ms, 最高速率: 0.90 M/s, 平均速率: 0.72 M/s, 最高分辨率: 1920x1080, 平均帧率: 42.65, 视频编解码器: h264, 音频编解码器: mp2
分类: 📡卫视频道, 名称: 东南卫视, 有效: 1, IPv4: 64, IPv6: 0, 最小延迟: 1096 ms, 最高速率: 0.66 M/s, 平均速率: 0.53 M/s, 最高分辨率: 1920x1080, 平均帧率: 39.77, 视频编解码器: h264, 音频编解码器: mp2
分类: 📡卫视频道, 名称: 甘肃卫视, 有效: 0, IPv4: 32, IPv6: 0, 最小延迟: 1815 ms, 最高速率: 0.33 M/s, 平均速率: 0.00 M/s, 最高分辨率: 1920x1080, 平均帧率: 36.11, 视频编解码器: h264, 音频编解码器: mp2
分类: 📡卫视频道, 名称: 广西卫视, 有效: 1, IPv4: 56, IPv6: 0, 最小延迟: 1186 ms, 最高速率: 0.65 M/s, 平均速率: 0.62 M/s, 最高分辨率: 1920x1080, 平均帧率: 32.00, 视频编解码器: h264, 音频编解码器: mp2
分类: 📡卫视频道, 名称: 贵州卫视, 有效: 1, IPv4: 68, IPv6: 0, 最小延迟: 699 ms, 最高速率: 5.86 M/s, 平均速率: 5.86 M/s, 最高分辨率: 1920x1080, 平均帧率: 47.50, 视频编解码器: h264, 音频编解码器: mp2
分类: 📡卫视频道, 名称: 海南卫视, 有效: 0, IPv4: 18, IPv6: 0, 最小延迟: 5419 ms, 最高速率: 0.22 M/s, 平均速率: 0.00 M/s, 最高分辨率: 1920x1080, 平均帧率: 41.67, 视频编解码器: h264, 音频编解码器: mp2
分类: 📡卫视频道, 名称: 河北卫视, 有效: 2, IPv4: 63, IPv6: 0, 最小延迟: 1156 ms, 最高速率: 0.87 M/s, 平均速率: 0.62 M/s, 最高分辨率: 1920x1080, 平均帧率: 44.12, 视频编解码器: h264, 音频编解码器: mp2
分类: 📡卫视频道, 名称: 河南卫视, 有效: 1, IPv4: 64, IPv6: 0, 最小延迟: 1460 ms, 最高速率: 0.67 M/s, 平均速率: 0.44 M/s, 最高分辨率: 1920x1080, 平均帧率: 43.75, 视频编解码器: h264, 音频编解码器: mp2
分类: 📡卫视频道, 名称: 吉林卫视, 有效: 0, IPv4: 54, IPv6: 0, 最小延迟: 2091 ms, 最高速率: 0.61 M/s, 平均速率: 0.00 M/s, 最高分辨率: 1920x1080, 平均帧率: 38.16, 视频编解码器: h264, 音频编解码器: mp2
分类: 📡卫视频道, 名称: 江苏卫视, 有效: 5, IPv4: 84, IPv6: 0, 最小延迟: 526 ms, 最高速率: 3.37 M/s, 平均速率: 1.51 M/s, 最高分辨率: 1920x1080, 平均帧率: 50.00, 视频编解码器: h264, 音频编解码器: mp2
分类: 📡卫视频道, 名称: 江西卫视, 有效: 0, IPv4: 69, IPv6: 0, 最小延迟: 1153 ms, 最高速率: 0.68 M/s, 平均速率: 0.00 M/s, 最高分辨率: 1920x1080, 平均帧率: 36.54, 视频编解码器: h264, 音频编解码器: mp2
分类: 📡卫视频道, 名称: 辽宁卫视, 有效: 3, IPv4: 67, IPv6: 0, 最小延迟: 1147 ms, 最高速率: 1.12 M/s, 平均速率: 0.75 M/s, 最高分辨率: 1920x1080, 平均帧率: 43.42, 视频编解码器: h264, 音频编解码器: mp2
分类: 📡卫视频道, 名称: 内蒙古卫视, 有效: 1, IPv4: 34, IPv6: 0, 最小延迟: 1096 ms, 最高速率: 1.13 M/s, 平均速率: 1.13 M/s, 最高分辨率: 1920x1080, 平均帧率: 29.55, 视频编解码器: h264, 音频编解码器: mp2
分类: 📡卫视频道, 名称: 宁夏卫视, 有效: 1, IPv4: 48, IPv6: 0, 最小延迟: 1222 ms, 最高速率: 1.42 M/s, 平均速率: 1.42 M/s, 最高分辨率: 1920x1080, 平均帧率: 33.33, 视频编解码器: h264, 音频编解码器: mp2
分类: 📡卫视频道, 名称: 青海卫视, 有效: 1, IPv4: 39, IPv6: 0, 最小延迟: 524 ms, 最高速率: 1.85 M/s, 平均速率: 1.85 M/s, 最高分辨率: 1920x1080, 平均帧率: 40.00, 视频编解码器: h264, 音频编解码器: mp2
分类: 📡卫视频道, 名称: 山东卫视, 有效: 4, IPv4: 78, IPv6: 0, 最小延迟: 1357 ms, 最高速率: 0.72 M/s, 平均速率: 0.63 M/s, 最高分辨率: 1920x1080, 平均帧率: 37.17, 视频编解码器: h264, 音频编解码器: mp2
分类: 📡卫视频道, 名称: 山西卫视, 有效: 0, IPv4: 55, IPv6: 0, 最小延迟: 1471 ms, 最高速率: 0.65 M/s, 平均速率: 0.00 M/s, 最高分辨率: 1920x1080, 平均帧率: 30.00, 视频编解码器: h264, 音频编解码器: mp2
分类: 📡卫视频道, 名称: 陕西卫视, 有效: 1, IPv4: 56, IPv6: 0, 最小延迟: 1537 ms, 最高速率: 0.94 M/s, 平均速率: 0.94 M/s, 最高分辨率: 1920x1080, 平均帧率: 32.50, 视频编解码器: h264, 音频编解码器: mp2
分类: 📡卫视频道, 名称: 四川卫视, 有效: 3, IPv4: 68, IPv6: 0, 最小延迟: 1164 ms, 最高速率: 0.92 M/s, 平均速率: 0.65 M/s, 最高分辨率: 1920x1080, 平均帧率: 35.71, 视频编解码器: h264, 音频编解码器: mp2
分类: 📡卫视频道, 名称: 深圳卫视, 有效: 3, IPv4: 78, IPv6: 0, 最小延迟: 808 ms, 最高速率: 2.75 M/s, 平均速率: 1.37 M/s, 最高分辨率: 1920x1080, 平均帧率: 39.58, 视频编解码器: h264, 音频编解码器: mp2
分类: 📡卫视频道, 名称: 三沙卫视, 有效: 1, IPv4: 12, IPv6: 0, 最小延迟: 1370 ms, 最高速率: 0.30 M/s, 平均速率: 0.30 M/s, 最高分辨率: 1280x720, 平均帧率: 25.00, 视频编解码器: h264, 音频编解码器: aac
分类: 📡卫视频道, 名称: 天津卫视, 有效: 2, IPv4: 66, IPv6: 0, 最小延迟: 472 ms, 最高速率: 1.63 M/s, 平均速率: 1.16 M/s, 最高分辨率: 1920x1080, 平均帧率: 42.05, 视频编解码器: h264, 音频编解码器: mp2
分类: 📡卫视频道, 名称: 西藏卫视, 有效: 1, IPv4: 27, IPv6: 0, 最小延迟: 1098 ms, 最高速率: 1.15 M/s, 平均速率: 1.15 M/s, 最高分辨率: 1920x1080, 平均帧率: 38.64, 视频编解码器: h264, 音频编解码器: mp2
分类: 📡卫视频道, 名称: 新疆卫视, 有效: 1, IPv4: 33, IPv6: 0, 最小延迟: 2132 ms, 最高速率: 1.39 M/s, 平均速率: 1.39 M/s, 最高分辨率: 1920x1080, 平均帧率: 40.91, 视频编解码器: h264, 音频编解码器: mp2
分类: 📡卫视频道, 名称: 云南卫视, 有效: 0, IPv4: 46, IPv6: 0, 最小延迟: 1326 ms, 最高速率: 0.58 M/s, 平均速率: 0.00 M/s, 最高分辨率: 1920x1080, 平均帧率: 43.33, 视频编解码器: h264, 音频编解码器: mp2
分类: 📡卫视频道, 名称: 黑龙江卫视, 有效: 0, IPv4: 68, IPv6: 0, 最小延迟: 1644 ms, 最高速率: 0.62 M/s, 平均速率: 0.00 M/s, 最高分辨率: 1920x1080, 平均帧率: 41.25, 视频编解码器: h264, 音频编解码器: mp2
分类: ☘️广东频道, 名称: 广东珠江, 有效: 1, IPv4: 74, IPv6: 0, 最小延迟: 491 ms, 最高速率: 4.82 M/s, 平均速率: 4.82 M/s, 最高分辨率: 1920x1080, 平均帧率: 31.25, 视频编解码器: h264, 音频编解码器: mp2
分类: ☘️广东频道, 名称: 广东体育, 有效: 2, IPv4: 53, IPv6: 0, 最小延迟: 582 ms, 最高速率: 0.52 M/s, 平均速率: 0.49 M/s, 最高分辨率: 1920x1080, 平均帧率: 31.82, 视频编解码器: h264, 音频编解码器: mp2
分类: ☘️广东频道, 名称: 广东新闻, 有效: 2, IPv4: 36, IPv6: 0, 最小延迟: 131 ms, 最高速率: 1.43 M/s, 平均速率: 0.88 M/s, 最高分辨率: 1920x1080, 平均帧率: 25.00, 视频编解码器: h264, 音频编解码器: mp2
分类: ☘️广东频道, 名称: 广东民生, 有效: 1, IPv4: 18, IPv6: 0, 最小延迟: 440 ms, 最高速率: 1.51 M/s, 平均速率: 1.51 M/s, 最高分辨率: 1280x720, 平均帧率: 未知, 视频编解码器: 未知, 音频编解码器: 未知
分类: ☘️广东频道, 名称: 大湾区卫视, 有效: 2, IPv4: 10, IPv6: 0, 最小延迟: 403 ms, 最高速率: 6.32 M/s, 平均速率: 3.62 M/s, 最高分辨率: 1280x720, 平均帧率: 50.00, 视频编解码器: h264, 音频编解码器: mp2
分类: ☘️湖南频道, 名称: 湖南电影, 有效: 0, IPv4: 5, IPv6: 0, 最小延迟: 9410 ms, 最高速率: 0.48 M/s, 平均速率: 0.00 M/s, 最高分辨率: 1920x1080, 平均帧率: 未知, 视频编解码器: 未知, 音频编解码器: 未知
分类: ☘️湖南频道, 名称: 湖南经视, 有效: 0, IPv4: 11, IPv6: 0, 最小延迟: 4872 ms, 最高速率: 0.18 M/s, 平均速率: 0.00 M/s, 最高分辨率: 1920x1080, 平均帧率: 25.00, 视频编解码器: h264, 音频编解码器: aac
分类: ☘️湖南频道, 名称: 湖南电视剧, 有效: 1, IPv4: 5, IPv6: 0, 最小延迟: 2842 ms, 最高速率: 0.70 M/s, 平均速率: 0.70 M/s, 最高分辨率: 1920x1080, 平均帧率: 未知, 视频编解码器: 未知, 音频编解码器: 未知
分类: ☘️湖南频道, 名称: 湖南爱晚, 有效: 0, IPv4: 4, IPv6: 0, 最小延迟: -1 ms, 最高速率: 0.00 M/s, 平均速率: 0.00 M/s, 最高分辨率: None, 平均帧率: 未知, 视频编解码器: 未知, 音频编解码器: 未知
分类: ☘️湖南频道, 名称: 湖南娱乐, 有效: 1, IPv4: 9, IPv6: 0, 最小延迟: 1165 ms, 最高速率: 0.24 M/s, 平均速率: 0.24 M/s, 最高分辨率: 1920x1080, 平均帧率: 25.00, 视频编解码器: h264, 音频编解码器: aac
分类: ☘️湖南频道, 名称: 湖南国际, 有效: 0, IPv4: 4, IPv6: 0, 最小延迟: -1 ms, 最高速率: 0.00 M/s, 平均速率: 0.00 M/s, 最高分辨率: 1920x1080, 平均帧率: 未知, 视频编解码器: 未知, 音频编解码器: 未知
分类: ☘️湖南频道, 名称: 湖南都市, 有效: 0, IPv4: 9, IPv6: 0, 最小延迟: 2177 ms, 最高速率: 0.25 M/s, 平均速率: 0.00 M/s, 最高分辨率: 1920x1080, 平均帧率: 25.00, 视频编解码器: h264, 音频编解码器: aac
分类: ☘️湖南频道, 名称: 金鹰纪实, 有效: 0, IPv4: 38, IPv6: 0, 最小延迟: 1305 ms, 最高速率: 0.30 M/s, 平均速率: 0.00 M/s, 最高分辨率: 1920x1080, 平均帧率: 43.75, 视频编解码器: h264, 音频编解码器: mp2
分类: ☘️湖南频道, 名称: 茶频道, 有效: 0, IPv4: 1, IPv6: 0, 最小延迟: -1 ms, 最高速率: 0.00 M/s, 平均速率: 0.00 M/s, 最高分辨率: None, 平均帧率: 未知, 视频编解码器: 未知, 音频编解码器: 未知
分类: 🌊港台频道, 名称: 无线新闻台, 有效: 1, IPv4: 8, IPv6: 0, 最小延迟: 1002 ms, 最高速率: 2.50 M/s, 平均速率: 2.50 M/s, 最高分辨率: 1280x720, 平均帧率: 未知, 视频编解码器: 未知, 音频编解码器: 未知
分类: ☘️湖南频道, 名称: 快乐垂钓, 有效: 0, IPv4: 37, IPv6: 0, 最小延迟: 2539 ms, 最高速率: 0.05 M/s, 平均速率: 0.00 M/s, 最高分辨率: 1920x1080, 平均帧率: 50.00, 视频编解码器: h264, 音频编解码器: mp2
分类: 🌊港台频道, 名称: TVBS新闻, 有效: 0, IPv4: 1, IPv6: 0, 最小延迟: 10181 ms, 最高速率: 0.38 M/s, 平均速率: 0.00 M/s, 最高分辨率: 1920x1080, 平均帧率: 未知, 视频编解码器: 未知, 音频编解码器: 未知
分类: 🌊港台频道, 名称: 翡翠台, 有效: 0, IPv4: 21, IPv6: 0, 最小延迟: 6180 ms, 最高速率: 0.34 M/s, 平均速率: 0.00 M/s, 最高分辨率: 1920x1080, 平均帧率: 33.33, 视频编解码器: mpeg2video, 音频编解码器: mp2
